{
  "type": "minecraft:campfire_cooking",
  "ingredient": {
    "item": "golden:golden_potato"
  },
  "result": "golden:golden_baked_potato",
  "experience": 0.1,
  "cookingtime": 200
}