{
  "type": "minecraft:crafting_shaped",
  "key": {
    "#": {
      "item": "minecraft:gold_nugget"
    },
    "X": {
      "item": "minecraft:beetroot"
    }
  },
  "pattern": [
    "###",
    "#X#",
    "###"
  ],
  "result": {
    "item": "golden:golden_beetroot"
  }
}