{
  "type": "minecraft:crafting_shaped",
  "key": {
    "#": {
    "item": "minecraft:gold_ingot"
    },
    "0": {
      "item": "minecraft:gold_block"
    },
    "X": {
      "item": "golden:golden_potato"
    }
  },
  "pattern": [
    "#0#",
    "0X0",
    "#0#"
  ],
  "result": {
    "item": "golden:pristine_golden_potato"
  }
}