{
  "parent": "item/generated",
  "textures": {
    "layer0": "golden:item/bacon_bits_opened"
  }
}