{
  "parent": "item/generated",
  "textures": {
    "layer0": "golden:item/golden_beetroot_stew"
  }
}