{
  "parent": "item/generated",
  "textures": {
    "layer0": "golden:item/sour_cream_closed"
  }
}