{
  "display": {
    "icon": {
      "item": "golden:golden_potato"
    },
    "title": "ยง6Golden",
    "description": "Craft the (previously) non-existent counterpart",
    "background": "minecraft:textures/block/gold_block.png",
    "frame": "task",
    "show_toast": true,
    "announce_to_chat": true,
    "hidden": false
  },
  "criteria": {
    "requirement": {
      "trigger": "minecraft:inventory_changed",
      "conditions": {
        "items": [
          {
            "items": [
              "golden:golden_potato"
            ]
          }
        ]
      }
    }
  },
  "rewards": {
    "recipes": [
      "golden:golden_baked_potato"
    ]
  }
}
